// Jest Snapshot v1, https://goo.gl/fbAQLP

exports[`Tests for the Header Should render Header 1`] = `
<div
  className="header"
  id="header"
>
  <ToastContainer
    autoClose={5000}
    bodyClassName={null}
    className={null}
    closeButton={
      <CloseButton
        ariaLabel="close"
      />
    }
    closeOnClick={true}
    draggable={true}
    draggablePercent={80}
    hideProgressBar={false}
    newestOnTop={false}
    pauseOnFocusLoss={true}
    pauseOnHover={true}
    position="top-right"
    progressClassName={null}
    progressStyle={null}
    rtl={false}
    style={null}
    toastClassName={null}
    transition={[Function]}
  />
  <header
    className="navBar"
    id="navBar"
  >
    <div
      id="headerContent"
    >
      <div
        className="navigation"
        id="navigation"
      >
        <Link
          id="logout"
          replace={false}
          to="/"
        >
          Logout
        </Link>
        <Link
          id="profile"
          replace={false}
          to="/profile"
        >
          Profile
        </Link>
        <Link
          id="active"
          replace={false}
          to="/createOrder"
        >
          Create Order
        </Link>
        <Link
          id="track"
          replace={false}
          to="/track"
        >
          Track
        </Link>
        <a
          className="icon"
          id="icon"
          onClick={[Function]}
        >
          <i
            className="fa fa-bars"
          />
        </a>
      </div>
    </div>
    <div
      className="blink_caption"
      href="home.html"
    >
      <div
        className="blink"
        id="blin"
      >
        Just SendIT!!!
      </div>
    </div>
  </header>
</div>
`;
